C:/Users/Bemielison/Desktop/PWM_DAC_V3/Core/Src/main.c:123:5:main	1
C:/Users/Bemielison/Desktop/PWM_DAC_V3/Core/Src/main.c:207:6:ExecuteProgram	5
C:/Users/Bemielison/Desktop/PWM_DAC_V3/Core/Src/main.c:225:6:Read_LDR	1
C:/Users/Bemielison/Desktop/PWM_DAC_V3/Core/Src/main.c:243:6:Read_Temp	1
C:/Users/Bemielison/Desktop/PWM_DAC_V3/Core/Src/main.c:260:6:Read_Pot	1
C:/Users/Bemielison/Desktop/PWM_DAC_V3/Core/Src/main.c:281:6:SystemClock_Config	4
C:/Users/Bemielison/Desktop/PWM_DAC_V3/Core/Src/main.c:342:13:MX_ADC1_Init	5
C:/Users/Bemielison/Desktop/PWM_DAC_V3/Core/Src/main.c:415:13:MX_DAC1_Init	3
C:/Users/Bemielison/Desktop/PWM_DAC_V3/Core/Src/main.c:458:13:MX_ETH_Init	2
C:/Users/Bemielison/Desktop/PWM_DAC_V3/Core/Src/main.c:507:13:MX_I2C1_Init	4
C:/Users/Bemielison/Desktop/PWM_DAC_V3/Core/Src/main.c:555:13:MX_TIM1_Init	7
C:/Users/Bemielison/Desktop/PWM_DAC_V3/Core/Src/main.c:635:13:MX_TIM2_Init	6
C:/Users/Bemielison/Desktop/PWM_DAC_V3/Core/Src/main.c:694:13:MX_USART3_UART_Init	5
C:/Users/Bemielison/Desktop/PWM_DAC_V3/Core/Src/main.c:742:13:MX_USB_OTG_FS_PCD_Init	2
C:/Users/Bemielison/Desktop/PWM_DAC_V3/Core/Src/main.c:778:13:MX_GPIO_Init	1
C:/Users/Bemielison/Desktop/PWM_DAC_V3/Core/Src/main.c:845:6:HAL_GPIO_EXTI_Callback	2
C:/Users/Bemielison/Desktop/PWM_DAC_V3/Core/Src/main.c:858:7:HAL_ADC_ConvCpltCallback	2
C:/Users/Bemielison/Desktop/PWM_DAC_V3/Core/Src/main.c:868:9:PCF8591_ReadAnalog	1
C:/Users/Bemielison/Desktop/PWM_DAC_V3/Core/Src/main.c:883:6:HAL_UART_RxCpltCallback	5
C:/Users/Bemielison/Desktop/PWM_DAC_V3/Core/Src/main.c:906:6:Error_Handler	1
