C:/Users/Bemielison/Desktop/PWM_DAC_V3/Core/Src/main.c:123:5:main	8	static
C:/Users/Bemielison/Desktop/PWM_DAC_V3/Core/Src/main.c:207:6:ExecuteProgram	8	static
C:/Users/Bemielison/Desktop/PWM_DAC_V3/Core/Src/main.c:225:6:Read_LDR	24	static
C:/Users/Bemielison/Desktop/PWM_DAC_V3/Core/Src/main.c:243:6:Read_Temp	24	static
C:/Users/Bemielison/Desktop/PWM_DAC_V3/Core/Src/main.c:260:6:Read_Pot	24	static
C:/Users/Bemielison/Desktop/PWM_DAC_V3/Core/Src/main.c:281:6:SystemClock_Config	120	static
C:/Users/Bemielison/Desktop/PWM_DAC_V3/Core/Src/main.c:342:13:MX_ADC1_Init	48	static
C:/Users/Bemielison/Desktop/PWM_DAC_V3/Core/Src/main.c:415:13:MX_DAC1_Init	48	static
C:/Users/Bemielison/Desktop/PWM_DAC_V3/Core/Src/main.c:458:13:MX_ETH_Init	8	static
C:/Users/Bemielison/Desktop/PWM_DAC_V3/Core/Src/main.c:507:13:MX_I2C1_Init	8	static
C:/Users/Bemielison/Desktop/PWM_DAC_V3/Core/Src/main.c:555:13:MX_TIM1_Init	112	static
C:/Users/Bemielison/Desktop/PWM_DAC_V3/Core/Src/main.c:635:13:MX_TIM2_Init	64	static
C:/Users/Bemielison/Desktop/PWM_DAC_V3/Core/Src/main.c:694:13:MX_USART3_UART_Init	8	static
C:/Users/Bemielison/Desktop/PWM_DAC_V3/Core/Src/main.c:742:13:MX_USB_OTG_FS_PCD_Init	8	static
C:/Users/Bemielison/Desktop/PWM_DAC_V3/Core/Src/main.c:778:13:MX_GPIO_Init	56	static
C:/Users/Bemielison/Desktop/PWM_DAC_V3/Core/Src/main.c:845:6:HAL_GPIO_EXTI_Callback	16	static,ignoring_inline_asm
C:/Users/Bemielison/Desktop/PWM_DAC_V3/Core/Src/main.c:858:7:HAL_ADC_ConvCpltCallback	16	static
C:/Users/Bemielison/Desktop/PWM_DAC_V3/Core/Src/main.c:868:9:PCF8591_ReadAnalog	32	static
C:/Users/Bemielison/Desktop/PWM_DAC_V3/Core/Src/main.c:883:6:HAL_UART_RxCpltCallback	16	static
C:/Users/Bemielison/Desktop/PWM_DAC_V3/Core/Src/main.c:906:6:Error_Handler	4	static,ignoring_inline_asm
